\BOOKMARK [1][-]{section*.2}{\376\377\000I\000n\000t\000r\000o\000d\000u\000c\000t\000i\000o\000n}{}% 1
\BOOKMARK [1][-]{section.1}{\376\377\000\247\000\040\0001\000.\000\040\000G\000r\000o\000u\000p\000s}{}% 2
\BOOKMARK [1][-]{section.2}{\376\377\000\247\000\040\0002\000.\000\040\000S\000u\000b\000g\000r\000o\000u\000p\000s}{}% 3
\BOOKMARK [1][-]{section.3}{\376\377\000\247\000\040\0003\000.\000\040\000S\000u\000b\000g\000r\000o\000u\000p\000s\000\040\000o\000f\000\040\000Z}{}% 4
\BOOKMARK [1][-]{section.4}{\376\377\000\247\000\040\0004\000.\000\040\000C\000y\000c\000l\000i\000c\000\040\000g\000r\000o\000u\000p\000s\000\040\000a\000n\000d\000\040\000o\000r\000d\000e\000r\000\040\000o\000f\000\040\000e\000l\000e\000m\000e\000n\000t\000s}{}% 5
\BOOKMARK [1][-]{section.5}{\376\377\000\247\000\040\0005\000.\000\040\000C\000o\000m\000m\000u\000t\000a\000t\000o\000r\000s}{}% 6
\BOOKMARK [1][-]{section.6}{\376\377\000\247\000\040\0006\000.\000\040\000L\000a\000g\000r\000a\000n\000g\000e\000'\000s\000\040\000t\000h\000e\000o\000r\000e\000m}{}% 7
\BOOKMARK [1][-]{section.7}{\376\377\000\247\000\040\0007\000.\000\040\000T\000h\000e\000\040\000s\000y\000m\000m\000e\000t\000r\000i\000c\000\040\000g\000r\000o\000u\000p}{}% 8
\BOOKMARK [1][-]{section.8}{\376\377\000\247\000\040\0008\000.\000\040\000A\000p\000p\000l\000i\000c\000a\000t\000i\000o\000n\000:\000\040\000B\000l\000o\000c\000k\000\040\000p\000e\000r\000m\000u\000t\000a\000t\000i\000o\000n\000\040\000c\000i\000p\000h\000e\000r}{}% 9
\BOOKMARK [1][-]{section.9}{\376\377\000\247\000\040\0009\000.\000\040\000A\000p\000p\000l\000i\000c\000a\000t\000i\000o\000n\000:\000\040\000T\000h\000e\000\040\0001\0005\000-\000p\000u\000z\000z\000l\000e}{}% 10
\BOOKMARK [1][-]{section.10}{\376\377\000\247\000\040\0001\0000\000.\000\040\000Q\000u\000o\000t\000i\000e\000n\000t\000s}{}% 11
\BOOKMARK [1][-]{section.11}{\376\377\000\247\000\040\0001\0001\000.\000\040\000P\000e\000r\000m\000u\000t\000a\000b\000l\000e\000\040\000s\000u\000b\000g\000r\000o\000u\000p\000s}{}% 12
\BOOKMARK [1][-]{section.12}{\376\377\000\247\000\040\0001\0002\000.\000\040\000H\000o\000m\000o\000m\000o\000r\000p\000h\000i\000s\000m\000s}{}% 13
\BOOKMARK [1][-]{section.13}{\376\377\000\247\000\040\0001\0003\000.\000\040\000I\000s\000o\000m\000o\000r\000p\000h\000i\000s\000m\000\040\000t\000h\000e\000o\000r\000e\000m\000s}{}% 14
\BOOKMARK [1][-]{section.14}{\376\377\000\247\000\040\0001\0004\000.\000\040\000T\000h\000e\000\040\000c\000o\000r\000r\000e\000s\000p\000o\000n\000d\000e\000n\000c\000e\000\040\000t\000h\000e\000o\000r\000e\000m}{}% 15
\BOOKMARK [1][-]{section.15}{\376\377\000\247\000\040\0001\0005\000.\000\040\000S\000e\000m\000i\000d\000i\000r\000e\000c\000t\000\040\000p\000r\000o\000d\000u\000c\000t\000s}{}% 16
\BOOKMARK [1][-]{section.16}{\376\377\000\247\000\040\0001\0006\000.\000\040\000A\000c\000t\000i\000o\000n\000s\000\040\000o\000f\000\040\000g\000r\000o\000u\000p\000s\000\040\000o\000n\000\040\000s\000e\000t\000s}{}% 17
\BOOKMARK [1][-]{section.17}{\376\377\000\247\000\040\0001\0007\000.\000\040\000D\000o\000u\000b\000l\000e\000\040\000c\000o\000s\000e\000t\000s}{}% 18
\BOOKMARK [1][-]{section.18}{\376\377\000\247\000\040\0001\0008\000.\000\040\000p\000-\000g\000r\000o\000u\000p\000s}{}% 19
\BOOKMARK [1][-]{section.19}{\376\377\000\247\000\040\0001\0009\000.\000\040\000C\000a\000u\000c\000h\000y\000'\000s\000\040\000t\000h\000e\000o\000r\000e\000m}{}% 20
\BOOKMARK [1][-]{section.20}{\376\377\000\247\000\040\0002\0000\000.\000\040\000S\000y\000l\000o\000w\000'\000s\000\040\000t\000h\000e\000o\000r\000e\000m\000s}{}% 21
\BOOKMARK [1][-]{section.21}{\376\377\000\247\000\040\0002\0001\000.\000\040\000A\000p\000p\000l\000i\000c\000a\000t\000i\000o\000n\000s\000\040\000o\000f\000\040\000S\000y\000l\000o\000w\000'\000s\000\040\000t\000h\000e\000o\000r\000e\000m\000s}{}% 22
\BOOKMARK [1][-]{section.22}{\376\377\000\247\000\040\0002\0002\000.\000\040\000T\000h\000e\000\040\000s\000t\000r\000u\000c\000t\000u\000r\000e\000\040\000o\000f\000\040\000a\000b\000e\000l\000i\000a\000n\000\040\000g\000r\000o\000u\000p\000s}{}% 23
\BOOKMARK [1][-]{section*.4}{\376\377\000M\000a\000g\000m\000a\000\040\000c\000o\000d\000e}{}% 24
\BOOKMARK [1][-]{section*.33}{\376\377\000R\000e\000f\000e\000r\000e\000n\000c\000e\000s}{}% 25
\BOOKMARK [1][-]{section*.34}{\376\377\000I\000n\000d\000e\000x}{}% 26
